###############################################################################
#
# IAR ELF Linker V7.70.2.11706/W32 for ARM                25/Sep/2018  20:40:36
# Copyright 2007-2016 IAR Systems AB.
#
#    Output file  =  
#        C:\Users\fmk12\Desktop\飞思卡尔智能车\资料汇总\5
#        程序及相关\K60\山外K60参考代码V5.3（支持FX、FN和DNZ）\第二章\GPIO_KEY_LOOP\Prj\IAR\FN15_Debug\Exe\vcan_Kinetis.out
#    Map file     =  
#        C:\Users\fmk12\Desktop\飞思卡尔智能车\资料汇总\5
#        程序及相关\K60\山外K60参考代码V5.3（支持FX、FN和DNZ）\第二章\GPIO_KEY_LOOP\Prj\IAR\FN15_Debug\List\vcan_Kinetis.map
#    Command line =  
#        "C:\Users\fmk12\Desktop\飞思卡尔智能车\资料汇总\5
#        程序及相关\K60\山外K60参考代码V5.3（支持FX、FN和DNZ）\第二章\GPIO_KEY_LOOP\Prj\IAR\FN15_Debug\Obj\main.o"
#        "C:\Users\fmk12\Desktop\飞思卡尔智能车\资料汇总\5
#        程序及相关\K60\山外K60参考代码V5.3（支持FX、FN和DNZ）\第二章\GPIO_KEY_LOOP\Prj\IAR\FN15_Debug\Obj\misc.o"
#        "C:\Users\fmk12\Desktop\飞思卡尔智能车\资料汇总\5
#        程序及相关\K60\山外K60参考代码V5.3（支持FX、FN和DNZ）\第二章\GPIO_KEY_LOOP\Prj\IAR\FN15_Debug\Obj\MK60_conf.o"
#        "C:\Users\fmk12\Desktop\飞思卡尔智能车\资料汇总\5
#        程序及相关\K60\山外K60参考代码V5.3（支持FX、FN和DNZ）\第二章\GPIO_KEY_LOOP\Prj\IAR\FN15_Debug\Obj\MK60_DWT.o"
#        "C:\Users\fmk12\Desktop\飞思卡尔智能车\资料汇总\5
#        程序及相关\K60\山外K60参考代码V5.3（支持FX、FN和DNZ）\第二章\GPIO_KEY_LOOP\Prj\IAR\FN15_Debug\Obj\MK60_flash.o"
#        "C:\Users\fmk12\Desktop\飞思卡尔智能车\资料汇总\5
#        程序及相关\K60\山外K60参考代码V5.3（支持FX、FN和DNZ）\第二章\GPIO_KEY_LOOP\Prj\IAR\FN15_Debug\Obj\MK60_gpio.o"
#        "C:\Users\fmk12\Desktop\飞思卡尔智能车\资料汇总\5
#        程序及相关\K60\山外K60参考代码V5.3（支持FX、FN和DNZ）\第二章\GPIO_KEY_LOOP\Prj\IAR\FN15_Debug\Obj\MK60_it.o"
#        "C:\Users\fmk12\Desktop\飞思卡尔智能车\资料汇总\5
#        程序及相关\K60\山外K60参考代码V5.3（支持FX、FN和DNZ）\第二章\GPIO_KEY_LOOP\Prj\IAR\FN15_Debug\Obj\MK60_lptmr.o"
#        "C:\Users\fmk12\Desktop\飞思卡尔智能车\资料汇总\5
#        程序及相关\K60\山外K60参考代码V5.3（支持FX、FN和DNZ）\第二章\GPIO_KEY_LOOP\Prj\IAR\FN15_Debug\Obj\MK60_mcg.o"
#        "C:\Users\fmk12\Desktop\飞思卡尔智能车\资料汇总\5
#        程序及相关\K60\山外K60参考代码V5.3（支持FX、FN和DNZ）\第二章\GPIO_KEY_LOOP\Prj\IAR\FN15_Debug\Obj\MK60_PIT.o"
#        "C:\Users\fmk12\Desktop\飞思卡尔智能车\资料汇总\5
#        程序及相关\K60\山外K60参考代码V5.3（支持FX、FN和DNZ）\第二章\GPIO_KEY_LOOP\Prj\IAR\FN15_Debug\Obj\MK60_port.o"
#        "C:\Users\fmk12\Desktop\飞思卡尔智能车\资料汇总\5
#        程序及相关\K60\山外K60参考代码V5.3（支持FX、FN和DNZ）\第二章\GPIO_KEY_LOOP\Prj\IAR\FN15_Debug\Obj\MK60_SysTick.o"
#        "C:\Users\fmk12\Desktop\飞思卡尔智能车\资料汇总\5
#        程序及相关\K60\山外K60参考代码V5.3（支持FX、FN和DNZ）\第二章\GPIO_KEY_LOOP\Prj\IAR\FN15_Debug\Obj\MK60_uart.o"
#        "C:\Users\fmk12\Desktop\飞思卡尔智能车\资料汇总\5
#        程序及相关\K60\山外K60参考代码V5.3（支持FX、FN和DNZ）\第二章\GPIO_KEY_LOOP\Prj\IAR\FN15_Debug\Obj\MK60_wdog.o"
#        "C:\Users\fmk12\Desktop\飞思卡尔智能车\资料汇总\5
#        程序及相关\K60\山外K60参考代码V5.3（支持FX、FN和DNZ）\第二章\GPIO_KEY_LOOP\Prj\IAR\FN15_Debug\Obj\startup_MK60DZ10.o"
#        "C:\Users\fmk12\Desktop\飞思卡尔智能车\资料汇总\5
#        程序及相关\K60\山外K60参考代码V5.3（支持FX、FN和DNZ）\第二章\GPIO_KEY_LOOP\Prj\IAR\FN15_Debug\Obj\system_MK60DZ10.o"
#        "C:\Users\fmk12\Desktop\飞思卡尔智能车\资料汇总\5
#        程序及相关\K60\山外K60参考代码V5.3（支持FX、FN和DNZ）\第二章\GPIO_KEY_LOOP\Prj\IAR\FN15_Debug\Obj\VCAN_computer.o"
#        "C:\Users\fmk12\Desktop\飞思卡尔智能车\资料汇总\5
#        程序及相关\K60\山外K60参考代码V5.3（支持FX、FN和DNZ）\第二章\GPIO_KEY_LOOP\Prj\IAR\FN15_Debug\Obj\VCAN_key.o"
#        "C:\Users\fmk12\Desktop\飞思卡尔智能车\资料汇总\5
#        程序及相关\K60\山外K60参考代码V5.3（支持FX、FN和DNZ）\第二章\GPIO_KEY_LOOP\Prj\IAR\FN15_Debug\Obj\VCAN_LED.o"
#        "C:\Users\fmk12\Desktop\飞思卡尔智能车\资料汇总\5
#        程序及相关\K60\山外K60参考代码V5.3（支持FX、FN和DNZ）\第二章\GPIO_KEY_LOOP\Prj\IAR\FN15_Debug\Obj\vectors.o"
#        --redirect _Printf=_PrintfLargeNoMb --redirect _Scanf=_ScanfLargeNoMb
#        -o "C:\Users\fmk12\Desktop\飞思卡尔智能车\资料汇总\5
#        程序及相关\K60\山外K60参考代码V5.3（支持FX、FN和DNZ）\第二章\GPIO_KEY_LOOP\Prj\IAR\FN15_Debug\Exe\vcan_Kinetis.out"
#        --map "C:\Users\fmk12\Desktop\飞思卡尔智能车\资料汇总\5
#        程序及相关\K60\山外K60参考代码V5.3（支持FX、FN和DNZ）\第二章\GPIO_KEY_LOOP\Prj\IAR\FN15_Debug\List\vcan_Kinetis.map"
#        --config "C:\Users\fmk12\Desktop\飞思卡尔智能车\资料汇总\5
#        程序及相关\K60\山外K60参考代码V5.3（支持FX、FN和DNZ）\第二章\GPIO_KEY_LOOP\Prj\IAR\config
#        files\vcan_ROM_K60N1M.icf"
#        "C:\Users\fmk12\Desktop\飞思卡尔智能车\资料汇总\5
#        程序及相关\K60\山外K60参考代码V5.3（支持FX、FN和DNZ）\第二章\GPIO_KEY_LOOP\Prj\IAR\..\..\Lib\CMSIS\iar_cortexM4l_math.a"
#        --entry __iar_program_start --redirect __write=__write_buffered --vfe
#
###############################################################################

*******************************************************************************
*** RUNTIME MODEL ATTRIBUTES
***

CppFlavor       = *
__SystemLibrary = DLib


*******************************************************************************
*** PLACEMENT SUMMARY
***

"A0":  place at 0x00000000 { ro section .intvec };
"A1":  place at 0x00000410 { ro section .noinit };
"P1":  place in [from 0x00000000 to 0x00100000] { ro, block CodeRelocate };
"P2":  place in [from 0x1fff0410 to 0x20010000] {
          rw, block CodeRelocateRam, block CSTACK, block HEAP };
initialize manually with packing = copy, complex ranges { rw };
initialize manually with packing = copy, complex ranges { section .data };
initialize manually with packing = copy, complex ranges { section .textrw };

  Section              Kind        Address    Size  Object
  -------              ----        -------    ----  ------
"A0":                                        0x410
  .intvec              const    0x00000000   0x410  vectors.o [1]
                              - 0x00000410   0x410

"A1":                                          0x8
  .noinit              ro code  0x00000410     0x8  startup_MK60DZ10.o [1]
                              - 0x00000418     0x8

"P1":                                       0x3140
  .text                ro code  0x00000418   0xc12  xprintflarge_nomb.o [3]
  .text                ro code  0x0000102c    0x16  strchr.o [5]
  .text                ro code  0x00001044    0x36  strlen.o [5]
  .text                ro code  0x0000107c    0x58  memchr.o [5]
  .text                ro code  0x000010d4    0xee  I64DivMod.o [5]
  .text                ro code  0x000011c4    0x76  ABImemcpy_unaligned.o [5]
  .text                ro code  0x0000123a    0x44  xdnorm.o [4]
  .text                ro code  0x00001280    0x2e  DblCmpLe.o [4]
  .text                ro code  0x000012b0   0x1a2  DblMul.o [4]
  .text                ro code  0x00001454   0x256  DblDiv.o [4]
  .text                ro code  0x000016ac    0x2c  DblToI32.o [4]
  .text                ro code  0x000016d8    0x1c  I32ToDbl.o [4]
  .text                ro code  0x000016f4   0x180  DblSub.o [4]
  .text                ro code  0x00001874    0x6c  localeconv.o [3]
  .text                ro code  0x000018e0     0xe  div.o [3]
  .text                ro code  0x000018f0     0x2  I64DivZer.o [5]
  .text                ro code  0x000018f4    0xd4  DblAdd.o [4]
  .text                ro code  0x000019c8     0x2  xtls.o [3]
  .data_init                    0x000019cc   0x7f0  <Block>
    Initializer bytes  const    0x000019cc   0x7f0  <for .data-1>
  Veneer               ro code  0x000021bc     0x8  - Linker created -
  .text                ro code  0x000021c4   0x3b8  MK60_mcg.o [1]
  .text                ro code  0x0000257c   0x248  MK60_uart.o [1]
  .text                ro code  0x000027c4    0xb8  MK60_port.o [1]
  Veneer               ro code  0x0000287c     0x8  - Linker created -
  Veneer               ro code  0x00002884     0x8  - Linker created -
  .text                ro code  0x0000288c   0x144  MK60_conf.o [1]
  .text                ro code  0x000029d0    0x70  VCAN_LED.o [1]
  .text                ro code  0x00002a40    0x24  printf.o [3]
  .text                ro code  0x00002a64    0x64  MK60_SysTick.o [1]
  .text                ro code  0x00002ac8    0x9c  VCAN_key.o [1]
  .text                ro code  0x00002b64   0x128  MK60_gpio.o [1]
  CodeRelocate                  0x00002c8c   0x1f0  <Block>
    Initializer bytes  const    0x00002c8c   0x1f0  <for CodeRelocateRam-1>
  .text                ro code  0x00002e7c   0x130  system_MK60DZ10.o [1]
  .text                ro code  0x00002fac    0x40  MK60_wdog.o [1]
  .text                ro code  0x00002fec    0x30  main.o [1]
  .text                ro code  0x0000301c    0x2c  misc.o [1]
  .rodata              const    0x00003048    0x94  MK60_flash.o [1]
  .rodata              const    0x000030dc    0x94  MK60_gpio.o [1]
  .rodata              const    0x00003170    0x94  MK60_SysTick.o [1]
  .rodata              const    0x00003204    0x94  MK60_uart.o [1]
  .rodata              const    0x00003298    0x8c  misc.o [1]
  .text                ro code  0x00003324    0x40  zero_init3.o [5]
  .rodata              const    0x00003364    0x3c  MK60_conf.o [1]
  .rodata              const    0x000033a0    0x28  main.o [1]
  .text                ro code  0x000033c8    0x28  data_init.o [5]
  .rodata              const    0x000033f0    0x24  MK60_conf.o [1]
  .iar.init_table      const    0x00003414    0x10  - Linker created -
  .rodata              const    0x00003424    0x20  MK60_conf.o [1]
  .text                ro code  0x00003444    0x1a  cmain.o [5]
  .text                ro code  0x0000345e     0x4  low_level_init.o [3]
  .text                ro code  0x00003462     0x4  exit.o [3]
  .text                ro code  0x00003468     0xa  cexit.o [5]
  .text                ro code  0x00003474     0xc  XXexit.o [5]
  .text                ro code  0x00003480    0x16  xprout.o [3]
  .text                ro code  0x00003498     0xc  putchar.o [3]
  .rodata              const    0x000034a4    0x14  MK60_conf.o [1]
  .rodata              const    0x000034b8     0xc  main.o [1]
  .text                ro code  0x000034c4     0xc  cstartup_M.o [5]
  .rodata              const    0x000034d0     0x0  zero_init3.o [5]
  Initializer bytes    const    0x000034d0    0x88  <for P2 s0>
                              - 0x00003558  0x3140

"P2", part 1 of 3:                           0x9e0
  .data                         0x1fff0410   0x7f0  <Block>
    .data-1                     0x1fff0410   0x7f0  <Init block>
      .data            inited   0x1fff0410   0x708  MK60_conf.o [1]
      .data            inited   0x1fff0b18    0x14  MK60_gpio.o [1]
      .data            inited   0x1fff0b2c    0x58  MK60_mcg.o [1]
      .data            inited   0x1fff0b84     0x4  MK60_mcg.o [1]
      .data            inited   0x1fff0b88    0x14  MK60_port.o [1]
      .data            inited   0x1fff0b9c    0x18  MK60_uart.o [1]
      .data            inited   0x1fff0bb4     0x8  VCAN_key.o [1]
      .data            inited   0x1fff0bbc     0x4  VCAN_LED.o [1]
      .data            inited   0x1fff0bc0    0x40  xfiles.o [3]
  CodeRelocateRam               0x1fff0c00   0x1f0  <Block>
    CodeRelocateRam-1           0x1fff0c00   0x1f0  <Init block>
      Veneer           inited   0x1fff0c00     0x8  - Linker created -
      Veneer           inited   0x1fff0c08     0x8  - Linker created -
      .textrw          inited   0x1fff0c10   0x190  MK60_flash.o [1]
      .textrw          inited   0x1fff0da0    0x50  MK60_mcg.o [1]
                              - 0x1fff0df0   0x9e0

"P2", part 2 of 3:                            0x5c
  .bss                          0x1fff0df0    0x5c  <Block>
    .bss               zero     0x1fff0df0     0x4  system_MK60DZ10.o [1]
    .bss               zero     0x1fff0df4     0x4  system_MK60DZ10.o [1]
    .bss               zero     0x1fff0df8     0x4  system_MK60DZ10.o [1]
    .bss               zero     0x1fff0dfc    0x50  xfiles.o [3]
                              - 0x1fff0e4c    0x5c

"P2", part 3 of 3:                            0x88
  P2 s0                         0x1fff0e4c    0x88  <Init block>
    __DLIB_PERTHREAD   inited   0x1fff0e4c    0x88  localeconv.o [3]
                              - 0x1fff0ed4    0x88


*******************************************************************************
*** INIT TABLE
***

          Address     Size
          -------     ----
Zero (__iar_zero_init3)
    1 destination range, total size 0x5c:
          0x1fff0df0  0x5c



*******************************************************************************
*** MODULE SUMMARY
***

    Module                 ro code  rw code  ro data  rw data
    ------                 -------  -------  -------  -------
C:\Users\fmk12\Desktop\飞思卡尔智能车\资料汇总\5 程序及相关\K60\山外K60参考代码V5.3（支持FX、FN和DNZ）\第二章\GPIO_KEY_LOOP\Prj\IAR\FN15_Debug\Obj: [1]
    MK60_SysTick.o             100               148
    MK60_conf.o                324             1 948    1 800
    MK60_flash.o                        400      548
    MK60_gpio.o                296               168       20
    MK60_mcg.o                 952       80      172       92
    MK60_port.o                184                20       20
    MK60_uart.o                584               172       24
    MK60_wdog.o                 64
    VCAN_LED.o                 112                 4        4
    VCAN_key.o                 156                 8        8
    main.o                      48                52
    misc.o                      44               140
    startup_MK60DZ10.o           8
    system_MK60DZ10.o          304                         12
    vectors.o                                  1 040
    ---------------------------------------------------------
    Total:                   3 176      480    4 420    1 980

command line: [2]
    ---------------------------------------------------------
    Total:

dl7M_tlf.a: [3]
    div.o                       14
    exit.o                       4
    localeconv.o               108               136      136
    low_level_init.o             4
    printf.o                    36
    putchar.o                   12
    xfiles.o                                      64      144
    xprintflarge_nomb.o      3 090
    xprout.o                    22
    xtls.o                       2
    ---------------------------------------------------------
    Total:                   3 292               200      280

m7M_tl.a: [4]
    DblAdd.o                   212
    DblCmpLe.o                  46
    DblDiv.o                   598
    DblMul.o                   418
    DblSub.o                   384
    DblToI32.o                  44
    I32ToDbl.o                  28
    xdnorm.o                    68
    ---------------------------------------------------------
    Total:                   1 798

rt7M_tl.a: [5]
    ABImemcpy_unaligned.o      118
    I64DivMod.o                238
    I64DivZer.o                  2
    XXexit.o                    12
    cexit.o                     10
    cmain.o                     26
    cstartup_M.o                12
    data_init.o                 40
    memchr.o                    88
    strchr.o                    22
    strlen.o                    54
    zero_init3.o                64
    ---------------------------------------------------------
    Total:                     686

    Gaps                        26
    Linker created              24       16       32
-------------------------------------------------------------
    Grand Total:             9 002      496    4 652    2 260


*******************************************************************************
*** ENTRY LIST
***

Entry                      Address   Size  Type      Object
-----                      -------   ----  ----      ------
.bss$$Base              0x1fff0df0          --   Gb  - Linker created -
.bss$$Limit             0x1fff0e4c          --   Gb  - Linker created -
.data$$Base             0x1fff0410          --   Gb  - Linker created -
.data$$Limit            0x1fff0c00          --   Gb  - Linker created -
.data_init$$Base        0x000019cc          --   Gb  - Linker created -
.data_init$$Limit       0x000021bc          --   Gb  - Linker created -
.iar.init_table$$Base   0x00003414          --   Gb  - Linker created -
.iar.init_table$$Limit  0x00003424          --   Gb  - Linker created -
?main                   0x00003445         Code  Gb  cmain.o [5]
ASSERT_FAILED_STR       0x000033f0   0x24  Data  Gb  MK60_conf.o [1]
CodeRelocate$$Base      0x00002c8c          --   Gb  - Linker created -
CodeRelocate$$Limit     0x00002e7c          --   Gb  - Linker created -
CodeRelocateRam$$Base   0x1fff0c00          --   Gb  - Linker created -
CodeRelocateRam$$Limit  0x1fff0df0          --   Gb  - Linker created -
GPIOX                   0x1fff0b18   0x14  Data  Gb  MK60_gpio.o [1]
KEY_PTxn                0x1fff0bb4    0x8  Data  Gb  VCAN_key.o [1]
LED_PTxn                0x1fff0bbc    0x4  Data  Gb  VCAN_LED.o [1]
LoadInt                 0x000009ad   0x6e  Code  Lc  xprintflarge_nomb.o [3]
NVIC_SystemReset        0x0000288d   0x1a  Code  Lc  MK60_conf.o [1]
PORTX                   0x1fff0b88   0x14  Data  Gb  MK60_port.o [1]
Region$$Table$$Base     0x00003414          --   Gb  - Linker created -
Region$$Table$$Limit    0x00003424          --   Gb  - Linker created -
Reset_Handler           0x00000411         Code  Gb  startup_MK60DZ10.o [1]
UARTN                   0x1fff0b9c   0x18  Data  Gb  MK60_uart.o [1]
_GenldLargeNoMb         0x00000da3  0x23e  Code  Lc  xprintflarge_nomb.o [3]
_LdtobLargeNoMb         0x00000b25  0x278  Code  Lc  xprintflarge_nomb.o [3]
_LitobLargeNoMb         0x00000a1b  0x10a  Code  Lc  xprintflarge_nomb.o [3]
_Locale_aeabi_lconv     0x1fff0e9c   0x38  Data  Gb  localeconv.o [3]
_Locale_lconv           0x1fff0e4c   0x50  Data  Gb  localeconv.o [3]
_PrintfLargeNoMb        0x00000419  0x58e  Code  Gb  xprintflarge_nomb.o [3]
_Prout                  0x00003481   0x16  Code  Gb  xprout.o [3]
_PutcharsLargeNoMb      0x00000fe1   0x2e  Code  Lc  xprintflarge_nomb.o [3]
__BOOT_STACK_ADDRESS {Abs}
                        0x2000fff8         Data  Gb  command line/config [2]
__VECTOR_RAM {Abs}      0x1fff0000         Data  Gb  command line/config [2]
__VECTOR_TABLE {Abs}    0x00000000         Data  Gb  command line/config [2]
__aeabi_cdcmple         0x00001281         Code  Gb  DblCmpLe.o [4]
__aeabi_d2uiz           0x000016ad         Code  Gb  DblToI32.o [4]
__aeabi_ddiv            0x00001455         Code  Gb  DblDiv.o [4]
__aeabi_dmul            0x000012b1         Code  Gb  DblMul.o [4]
__aeabi_dsub            0x000016f5         Code  Gb  DblSub.o [4]
__aeabi_ldiv0           0x000018f1         Code  Gb  I64DivZer.o [5]
__aeabi_ui2d            0x000016d9         Code  Gb  I32ToDbl.o [4]
__aeabi_uldivmod        0x000010d5         Code  Gb  I64DivMod.o [5]
__cmain                 0x00003445         Code  Gb  cmain.o [5]
__code_start__ {Abs}    0x00000410         Data  Gb  command line/config [2]
__exit                  0x00003475         Code  Gb  XXexit.o [5]
__iar_Dnorm             0x0000123b   0x44  Code  Gb  xdnorm.o [4]
__iar_Locale_lconv_init
                        0x00001875   0x3a  Code  Gb  localeconv.o [3]
__iar_Memchr            0x0000107d         Code  Gb  memchr.o [5]
__iar_Stdout            0x1fff0bc0   0x40  Data  Gb  xfiles.o [3]
__iar_Strchr            0x0000102d         Code  Gb  strchr.o [5]
__iar_d2uiz             0x000016b9         Code  Gb  DblToI32.o [4]
__iar_dadd              0x000018f5         Code  Gb  DblAdd.o [4]
__iar_data_init3        0x000033c9   0x28  Code  Gb  data_init.o [5]
__iar_dlib_perthread_access
                        0x000019c9    0x2  Code  Gb  xtls.o [3]
__iar_dsub              0x00001709         Code  Gb  DblSub.o [4]
__iar_dsubStart         0x0000171b         Code  Gb  DblSub.o [4]
__iar_program_start     0x000034c5         Code  Gb  cstartup_M.o [5]
__iar_ui2d              0x000016dd         Code  Gb  I32ToDbl.o [4]
__iar_unaligned___aeabi_memcpy
                        0x000011c5         Code  Gb  ABImemcpy_unaligned.o [5]
__iar_unaligned___aeabi_memcpy4
                        0x000011e5         Code  Gb  ABImemcpy_unaligned.o [5]
__iar_unaligned___aeabi_memcpy8
                        0x000011e5         Code  Gb  ABImemcpy_unaligned.o [5]
__iar_zero_init3        0x00003325   0x40  Code  Gb  zero_init3.o [5]
__low_level_init        0x0000345f    0x4  Code  Gb  low_level_init.o [3]
__vector_table          0x00000000  0x410  Data  Gb  vectors.o [1]
_call_main              0x00003451         Code  Gb  cmain.o [5]
_exit                   0x00003469         Code  Gb  cexit.o [5]
_main                   0x0000345b         Code  Gb  cmain.o [5]
assert_failed           0x000028a7   0x26  Code  Gb  MK60_conf.o [1]
bus_clk_khz             0x1fff0df8    0x4  Data  Gb  system_MK60DZ10.o [1]
common_startup          0x00002edb   0x98  Code  Gb  system_MK60DZ10.o [1]
core_clk_khz            0x1fff0df0    0x4  Data  Gb  system_MK60DZ10.o [1]
core_clk_mhz            0x1fff0df4    0x4  Data  Gb  system_MK60DZ10.o [1]
default_isr             0x0000297b   0x34  Code  Gb  MK60_conf.o [1]
div                     0x000018e1    0xe  Code  Gb  div.o [3]
exit                    0x00003463    0x4  Code  Gb  exit.o [3]
flash_cmd               0x1fff0c11   0x20  Code  Gb  MK60_flash.o [1]
flash_erase_sector      0x1fff0c55   0x5c  Code  Gb  MK60_flash.o [1]
flash_init              0x1fff0c31   0x24  Code  Gb  MK60_flash.o [1]
flash_write             0x1fff0cb1   0xb4  Code  Gb  MK60_flash.o [1]
fputc                   0x000028cd   0x14  Code  Gb  MK60_conf.o [1]
gpio_get                0x00002c4b   0x3a  Code  Gb  MK60_gpio.o [1]
gpio_init               0x00002b65   0xae  Code  Gb  MK60_gpio.o [1]
gpio_turn               0x00002c13   0x38  Code  Gb  MK60_gpio.o [1]
key_check               0x00002b35   0x2a  Code  Gb  VCAN_key.o [1]
key_get                 0x00002b1b   0x1a  Code  Gb  VCAN_key.o [1]
key_init                0x00002ac9   0x52  Code  Gb  VCAN_key.o [1]
led_init                0x000029d1   0x3a  Code  Gb  VCAN_LED.o [1]
led_turn                0x00002a0b   0x32  Code  Gb  VCAN_LED.o [1]
localeconv              0x000018af   0x16  Code  Gb  localeconv.o [3]
main                    0x00002fed   0x30  Code  Gb  main.o [1]
mcg_cfg                 0x1fff0b2c   0x58  Data  Gb  MK60_mcg.o [1]
mcg_div                 0x1fff0b84    0x4  Data  Gb  MK60_mcg.o [1]
mcg_div_count           0x000021c5  0x2e8  Code  Gb  MK60_mcg.o [1]
memchr                  0x0000107d         Code  Gb  memchr.o [5]
obuf                    0x1fff0dfc   0x50  Data  Lc  xfiles.o [3]
pll_init                0x000024ad   0xb2  Code  Gb  MK60_mcg.o [1]
port_init               0x000027c5   0x48  Code  Gb  MK60_port.o [1]
port_init_NoALT         0x0000280d   0x66  Code  Gb  MK60_port.o [1]
printf                  0x00002a41   0x24  Code  Gb  printf.o [3]
putchar                 0x00003499    0xc  Code  Gb  putchar.o [3]
set_sys_dividers        0x1fff0da1   0x50  Code  Gb  MK60_mcg.o [1]
start                   0x00002e7d   0x22  Code  Gb  system_MK60DZ10.o [1]
start_check             0x000028e1   0x9a  Code  Gb  MK60_conf.o [1]
strchr                  0x0000102d         Code  Gb  strchr.o [5]
strlen                  0x00001045         Code  Gb  strlen.o [5]
sysinit                 0x00002e9f   0x3c  Code  Gb  system_MK60DZ10.o [1]
systick_delay           0x00002a65   0x36  Code  Gb  MK60_SysTick.o [1]
systick_delay_ms        0x00002a9b   0x18  Code  Gb  MK60_SysTick.o [1]
uart_init               0x0000257d  0x214  Code  Gb  MK60_uart.o [1]
uart_putchar            0x00002791   0x1a  Code  Gb  MK60_uart.o [1]
vector_str              0x1fff0410  0x708  Data  Gb  MK60_conf.o [1]
wdog_disable            0x00002fad   0x16  Code  Gb  MK60_wdog.o [1]
wdog_unlock             0x00002fc3   0x20  Code  Lc  MK60_wdog.o [1]
write_vtor              0x0000301d   0x22  Code  Gb  misc.o [1]


[1] = C:\Users\fmk12\Desktop\飞思卡尔智能车\资料汇总\5 程序及相关\K60\山外K60参考代码V5.3（支持FX、FN和DNZ）\第二章\GPIO_KEY_LOOP\Prj\IAR\FN15_Debug\Obj
[2] = command line
[3] = dl7M_tlf.a
[4] = m7M_tl.a
[5] = rt7M_tl.a

  9 002 bytes of readonly  code memory
    496 bytes of readwrite code memory
  4 652 bytes of readonly  data memory
  2 260 bytes of readwrite data memory

Errors: none
Warnings: none
