###############################################################################
#
# IAR ELF Linker V7.70.2.11706/W32 for ARM                11/Oct/2018  21:55:59
# Copyright 2007-2016 IAR Systems AB.
#
#    Output file  =  
#        C:\Users\fmk12\Desktop\飞思卡尔智能车\资料汇总\5
#        程序及相关\K60\进击的矮子（test）\GNUCar
#        v1.0\Prj\IAR\DZ10_Release\Exe\vcan_Kinetis.out
#    Map file     =  
#        C:\Users\fmk12\Desktop\飞思卡尔智能车\资料汇总\5
#        程序及相关\K60\进击的矮子（test）\GNUCar
#        v1.0\Prj\IAR\DZ10_Release\List\vcan_Kinetis.map
#    Command line =  
#        "C:\Users\fmk12\Desktop\飞思卡尔智能车\资料汇总\5
#        程序及相关\K60\进击的矮子（test）\GNUCar
#        v1.0\Prj\IAR\DZ10_Release\Obj\Control.o"
#        "C:\Users\fmk12\Desktop\飞思卡尔智能车\资料汇总\5
#        程序及相关\K60\进击的矮子（test）\GNUCar
#        v1.0\Prj\IAR\DZ10_Release\Obj\Handle.o"
#        "C:\Users\fmk12\Desktop\飞思卡尔智能车\资料汇总\5
#        程序及相关\K60\进击的矮子（test）\GNUCar
#        v1.0\Prj\IAR\DZ10_Release\Obj\init.o"
#        "C:\Users\fmk12\Desktop\飞思卡尔智能车\资料汇总\5
#        程序及相关\K60\进击的矮子（test）\GNUCar
#        v1.0\Prj\IAR\DZ10_Release\Obj\main.o"
#        "C:\Users\fmk12\Desktop\飞思卡尔智能车\资料汇总\5
#        程序及相关\K60\进击的矮子（test）\GNUCar
#        v1.0\Prj\IAR\DZ10_Release\Obj\misc.o"
#        "C:\Users\fmk12\Desktop\飞思卡尔智能车\资料汇总\5
#        程序及相关\K60\进击的矮子（test）\GNUCar
#        v1.0\Prj\IAR\DZ10_Release\Obj\MK60_conf.o"
#        "C:\Users\fmk12\Desktop\飞思卡尔智能车\资料汇总\5
#        程序及相关\K60\进击的矮子（test）\GNUCar
#        v1.0\Prj\IAR\DZ10_Release\Obj\MK60_dma.o"
#        "C:\Users\fmk12\Desktop\飞思卡尔智能车\资料汇总\5
#        程序及相关\K60\进击的矮子（test）\GNUCar
#        v1.0\Prj\IAR\DZ10_Release\Obj\MK60_DWT.o"
#        "C:\Users\fmk12\Desktop\飞思卡尔智能车\资料汇总\5
#        程序及相关\K60\进击的矮子（test）\GNUCar
#        v1.0\Prj\IAR\DZ10_Release\Obj\MK60_flash.o"
#        "C:\Users\fmk12\Desktop\飞思卡尔智能车\资料汇总\5
#        程序及相关\K60\进击的矮子（test）\GNUCar
#        v1.0\Prj\IAR\DZ10_Release\Obj\MK60_ftm.o"
#        "C:\Users\fmk12\Desktop\飞思卡尔智能车\资料汇总\5
#        程序及相关\K60\进击的矮子（test）\GNUCar
#        v1.0\Prj\IAR\DZ10_Release\Obj\MK60_gpio.o"
#        "C:\Users\fmk12\Desktop\飞思卡尔智能车\资料汇总\5
#        程序及相关\K60\进击的矮子（test）\GNUCar
#        v1.0\Prj\IAR\DZ10_Release\Obj\MK60_it.o"
#        "C:\Users\fmk12\Desktop\飞思卡尔智能车\资料汇总\5
#        程序及相关\K60\进击的矮子（test）\GNUCar
#        v1.0\Prj\IAR\DZ10_Release\Obj\MK60_lptmr.o"
#        "C:\Users\fmk12\Desktop\飞思卡尔智能车\资料汇总\5
#        程序及相关\K60\进击的矮子（test）\GNUCar
#        v1.0\Prj\IAR\DZ10_Release\Obj\MK60_mcg.o"
#        "C:\Users\fmk12\Desktop\飞思卡尔智能车\资料汇总\5
#        程序及相关\K60\进击的矮子（test）\GNUCar
#        v1.0\Prj\IAR\DZ10_Release\Obj\MK60_PIT.o"
#        "C:\Users\fmk12\Desktop\飞思卡尔智能车\资料汇总\5
#        程序及相关\K60\进击的矮子（test）\GNUCar
#        v1.0\Prj\IAR\DZ10_Release\Obj\MK60_port.o"
#        "C:\Users\fmk12\Desktop\飞思卡尔智能车\资料汇总\5
#        程序及相关\K60\进击的矮子（test）\GNUCar
#        v1.0\Prj\IAR\DZ10_Release\Obj\MK60_rtc.o"
#        "C:\Users\fmk12\Desktop\飞思卡尔智能车\资料汇总\5
#        程序及相关\K60\进击的矮子（test）\GNUCar
#        v1.0\Prj\IAR\DZ10_Release\Obj\MK60_spi.o"
#        "C:\Users\fmk12\Desktop\飞思卡尔智能车\资料汇总\5
#        程序及相关\K60\进击的矮子（test）\GNUCar
#        v1.0\Prj\IAR\DZ10_Release\Obj\MK60_SysTick.o"
#        "C:\Users\fmk12\Desktop\飞思卡尔智能车\资料汇总\5
#        程序及相关\K60\进击的矮子（test）\GNUCar
#        v1.0\Prj\IAR\DZ10_Release\Obj\MK60_uart.o"
#        "C:\Users\fmk12\Desktop\飞思卡尔智能车\资料汇总\5
#        程序及相关\K60\进击的矮子（test）\GNUCar
#        v1.0\Prj\IAR\DZ10_Release\Obj\MK60_wdog.o"
#        "C:\Users\fmk12\Desktop\飞思卡尔智能车\资料汇总\5
#        程序及相关\K60\进击的矮子（test）\GNUCar
#        v1.0\Prj\IAR\DZ10_Release\Obj\oled.o"
#        "C:\Users\fmk12\Desktop\飞思卡尔智能车\资料汇总\5
#        程序及相关\K60\进击的矮子（test）\GNUCar
#        v1.0\Prj\IAR\DZ10_Release\Obj\PID.o"
#        "C:\Users\fmk12\Desktop\飞思卡尔智能车\资料汇总\5
#        程序及相关\K60\进击的矮子（test）\GNUCar
#        v1.0\Prj\IAR\DZ10_Release\Obj\startup_MK60DZ10.o"
#        "C:\Users\fmk12\Desktop\飞思卡尔智能车\资料汇总\5
#        程序及相关\K60\进击的矮子（test）\GNUCar
#        v1.0\Prj\IAR\DZ10_Release\Obj\system_MK60DZ10.o"
#        "C:\Users\fmk12\Desktop\飞思卡尔智能车\资料汇总\5
#        程序及相关\K60\进击的矮子（test）\GNUCar
#        v1.0\Prj\IAR\DZ10_Release\Obj\test.o"
#        "C:\Users\fmk12\Desktop\飞思卡尔智能车\资料汇总\5
#        程序及相关\K60\进击的矮子（test）\GNUCar
#        v1.0\Prj\IAR\DZ10_Release\Obj\VCAN_camera.o"
#        "C:\Users\fmk12\Desktop\飞思卡尔智能车\资料汇总\5
#        程序及相关\K60\进击的矮子（test）\GNUCar
#        v1.0\Prj\IAR\DZ10_Release\Obj\VCAN_computer.o"
#        "C:\Users\fmk12\Desktop\飞思卡尔智能车\资料汇总\5
#        程序及相关\K60\进击的矮子（test）\GNUCar
#        v1.0\Prj\IAR\DZ10_Release\Obj\VCAN_key.o"
#        "C:\Users\fmk12\Desktop\飞思卡尔智能车\资料汇总\5
#        程序及相关\K60\进击的矮子（test）\GNUCar
#        v1.0\Prj\IAR\DZ10_Release\Obj\VCAN_LED.o"
#        "C:\Users\fmk12\Desktop\飞思卡尔智能车\资料汇总\5
#        程序及相关\K60\进击的矮子（test）\GNUCar
#        v1.0\Prj\IAR\DZ10_Release\Obj\VCAN_OV7725_Eagle.o"
#        "C:\Users\fmk12\Desktop\飞思卡尔智能车\资料汇总\5
#        程序及相关\K60\进击的矮子（test）\GNUCar
#        v1.0\Prj\IAR\DZ10_Release\Obj\VCAN_SCCB.o"
#        "C:\Users\fmk12\Desktop\飞思卡尔智能车\资料汇总\5
#        程序及相关\K60\进击的矮子（test）\GNUCar
#        v1.0\Prj\IAR\DZ10_Release\Obj\vectors.o" --redirect
#        _Printf=_PrintfLargeNoMb --redirect _Scanf=_ScanfLargeNoMb -o
#        "C:\Users\fmk12\Desktop\飞思卡尔智能车\资料汇总\5
#        程序及相关\K60\进击的矮子（test）\GNUCar
#        v1.0\Prj\IAR\DZ10_Release\Exe\vcan_Kinetis.out" --map
#        "C:\Users\fmk12\Desktop\飞思卡尔智能车\资料汇总\5
#        程序及相关\K60\进击的矮子（test）\GNUCar
#        v1.0\Prj\IAR\DZ10_Release\List\vcan_Kinetis.map" --config
#        "C:\Users\fmk12\Desktop\飞思卡尔智能车\资料汇总\5
#        程序及相关\K60\进击的矮子（test）\GNUCar v1.0\Prj\IAR\config
#        files\vcan_ROM_K60N512.icf"
#        "C:\Users\fmk12\Desktop\飞思卡尔智能车\资料汇总\5
#        程序及相关\K60\进击的矮子（test）\GNUCar
#        v1.0\Prj\IAR\..\..\Lib\CMSIS\iar_cortexM4l_math.a" --entry
#        __iar_program_start --redirect __write=__write_buffered --inline --vfe
#
###############################################################################

*******************************************************************************
*** RUNTIME MODEL ATTRIBUTES
***

CppFlavor       = *
__SystemLibrary = DLib


*******************************************************************************
*** PLACEMENT SUMMARY
***

"A0":  place at 0x00000000 { ro section .intvec };
"A1":  place at 0x00000410 { ro section .noinit };
"P1":  place in [from 0x00000000 to 0x00080000] { ro, block CodeRelocate };
"P2":  place in [from 0x1fff0410 to 0x20010000] {
          rw, block CodeRelocateRam, block CSTACK, block HEAP };
initialize manually with packing = copy, complex ranges { section .data };
initialize manually with packing = copy, complex ranges { section .textrw };

  Section              Kind        Address    Size  Object
  -------              ----        -------    ----  ------
"A0":                                        0x410
  .intvec              const    0x00000000   0x410  vectors.o [1]
                              - 0x00000410   0x410

"A1":                                          0x8
  .noinit              ro code  0x00000410     0x8  startup_MK60DZ10.o [1]
                              - 0x00000418     0x8

"P1":                                       0x40ac
  .data_init                    0x00000418  0x1734  <Block>
    Initializer bytes  const    0x00000418  0x1734  <for .data-1>
  .text                ro code  0x00001b4c   0xdb4  Handle.o [1]
  .text                ro code  0x00002900    0x24  FltCmpGe.o [4]
  .text                ro code  0x00002924    0x32  I32ToFlt.o [4]
  .text                ro code  0x00002958    0xd8  FltMul.o [4]
  .text                ro code  0x00002a30    0x84  FltAdd.o [4]
  .text                ro code  0x00002ab4    0x44  FltToS32.o [4]
  .text                ro code  0x00002af8    0x2c  I32ToDbl.o [4]
  .text                ro code  0x00002b24   0x256  DblDiv.o [4]
  .text                ro code  0x00002d7c    0x90  DblToFlt.o [4]
  .text                ro code  0x00002e0c    0x12  Control.o [1]
  .text                ro code  0x00002e20    0x24  FltCmpLe.o [4]
  .text                ro code  0x00002e44    0x38  VCAN_LED.o [1]
  .text                ro code  0x00002e7c   0x1a2  DblMul.o [4]
  .text                ro code  0x00003020    0xe8  DblAdd.o [4]
  .text                ro code  0x00003108    0x4c  DblToI32.o [4]
  .text                ro code  0x00003154    0xd6  FltSub.o [4]
  .text                ro code  0x0000322c    0x68  MK60_gpio.o [1]
  .text                ro code  0x00003294   0x16c  DblSub.o [4]
  .text                ro code  0x00003400    0x78  MK60_port.o [1]
  .text                ro code  0x00003478   0x438  VCAN_SCCB.o [1]
  Veneer               ro code  0x000038b0     0x8  - Linker created -
  .text                ro code  0x000038b8   0x1b4  MK60_mcg.o [1]
  .text                ro code  0x00003a6c   0x190  MK60_ftm.o [1]
  .text                ro code  0x00003bfc   0x17c  MK60_uart.o [1]
  .text                ro code  0x00003d78   0x168  VCAN_OV7725_Eagle.o [1]
  .text                ro code  0x00003ee0    0x34  MK60_SysTick.o [1]
  .text                ro code  0x00003f14    0xf4  MK60_dma.o [1]
  .text                ro code  0x00004008    0xbc  system_MK60DZ10.o [1]
  .text                ro code  0x000040c4    0x2c  MK60_wdog.o [1]
  .text                ro code  0x000040f0    0x88  main.o [1]
  .text                ro code  0x00004178    0x76  ABImemcpy_unaligned.o [5]
  .text                ro code  0x000041f0    0x18  misc.o [1]
  .text                ro code  0x00004208     0x6  ABImemclr.o [5]
  .text                ro code  0x0000420e    0x7a  init.o [1]
  .text                ro code  0x00004288    0x84  PID.o [1]
  .text                ro code  0x0000430c    0x48  VCAN_computer.o [1]
  .text                ro code  0x00004354    0x5e  ABImemset.o [5]
  CodeRelocate                  0x000043b4    0x48  <Block>
    Initializer bytes  const    0x000043b4    0x48  <for CodeRelocateRam-1>
  .text                ro code  0x000043fc    0x40  zero_init3.o [5]
  .text                ro code  0x0000443c    0x28  data_init.o [5]
  .iar.init_table      const    0x00004464    0x10  - Linker created -
  .text                ro code  0x00004474    0x1a  cmain.o [5]
  .text                ro code  0x0000448e     0x4  exit.o [3]
  .text                ro code  0x00004494     0xa  cexit.o [5]
  .text                ro code  0x000044a0     0xc  XXexit.o [5]
  .text                ro code  0x000044ac     0xc  cstartup_M.o [5]
  .text                ro code  0x000044b8     0x8  MK60_it.o [1]
  .text                ro code  0x000044c0     0x4  MK60_conf.o [1]
  .rodata              const    0x000044c4     0x0  zero_init3.o [5]
                              - 0x000044c4  0x40ac

"P2", part 1 of 2:                          0x177c
  .data                         0x1fff0410  0x1734  <Block>
    .data-1                     0x1fff0410  0x1732  <Init block>
      .data            inited   0x1fff0410    0x14  Control.o [1]
      .data            inited   0x1fff0424    0x3d  Handle.o [1]
      .data            inited   0x1fff0464  0x151c  main.o [1]
      .data            inited   0x1fff1980    0x20  MK60_ftm.o [1]
      .data            inited   0x1fff19a0    0x14  MK60_gpio.o [1]
      .data            inited   0x1fff19b4    0x44  MK60_mcg.o [1]
      .data            inited   0x1fff19f8     0x4  MK60_mcg.o [1]
      .data            inited   0x1fff19fc    0x14  MK60_port.o [1]
      .data            inited   0x1fff1a10    0x18  MK60_uart.o [1]
      .data            inited   0x1fff1a28    0xa0  PID.o [1]
      .data            inited   0x1fff1ac8     0x4  VCAN_LED.o [1]
      .data            inited   0x1fff1acc     0xc  VCAN_OV7725_Eagle.o [1]
      .data            inited   0x1fff1ad8    0x65  VCAN_OV7725_Eagle.o [1]
      .data            inited   0x1fff1b3e     0x4  Handle.o [1]
  CodeRelocateRam               0x1fff1b44    0x48  <Block>
    CodeRelocateRam-1           0x1fff1b44    0x48  <Init block>
      .textrw          inited   0x1fff1b44    0x48  MK60_mcg.o [1]
                              - 0x1fff1b8c  0x177c

"P2", part 2 of 2:                           0x240
  .bss                          0x1fff1b8c   0x240  <Block>
    .bss               zero     0x1fff1b8c   0x140  Handle.o [1]
    .bss               zero     0x1fff1ccc    0x40  Handle.o [1]
    .bss               zero     0x1fff1d0c    0x40  Handle.o [1]
    .bss               zero     0x1fff1d4c    0x54  Handle.o [1]
    .bss               zero     0x1fff1da0    0x10  PID.o [1]
    .bss               zero     0x1fff1db0     0xc  system_MK60DZ10.o [1]
    .bss               zero     0x1fff1dbc     0xe  Handle.o [1]
                              - 0x1fff1dcc   0x240


*******************************************************************************
*** INIT TABLE
***

          Address     Size
          -------     ----
Zero (__iar_zero_init3)
    1 destination range, total size 0x23e:
          0x1fff1b8c  0x23e



*******************************************************************************
*** MODULE SUMMARY
***

    Module                 ro code  rw code  ro data  rw data
    ------                 -------  -------  -------  -------
C:\Users\fmk12\Desktop\飞思卡尔智能车\资料汇总\5 程序及相关\K60\进击的矮子（test）\GNUCar v1.0\Prj\IAR\DZ10_Release\Obj: [1]
    Control.o                   18                20       20
    Handle.o                 3 508                66      611
    MK60_SysTick.o              52
    MK60_conf.o                  4
    MK60_dma.o                 244
    MK60_ftm.o                 400                32       32
    MK60_gpio.o                104                20       20
    MK60_it.o                    8
    MK60_mcg.o                 436       72      144       72
    MK60_port.o                120                20       20
    MK60_uart.o                380                24       24
    MK60_wdog.o                 44
    PID.o                      132               160      176
    VCAN_LED.o                  56                 4        4
    VCAN_OV7725_Eagle.o        360               113      113
    VCAN_SCCB.o              1 080
    VCAN_computer.o             72
    init.o                     122
    main.o                     136             5 407    5 404
    misc.o                      24
    startup_MK60DZ10.o           8
    system_MK60DZ10.o          188                         12
    vectors.o                                  1 040
    ---------------------------------------------------------
    Total:                   7 496       72    7 050    6 508

command line: [2]
    ---------------------------------------------------------
    Total:

dl7M_tlf.a: [3]
    exit.o                       4
    ---------------------------------------------------------
    Total:                       4

m7M_tl.a: [4]
    DblAdd.o                   232
    DblDiv.o                   598
    DblMul.o                   418
    DblSub.o                   364
    DblToFlt.o                 144
    DblToI32.o                  76
    FltAdd.o                   132
    FltCmpGe.o                  36
    FltCmpLe.o                  36
    FltMul.o                   216
    FltSub.o                   214
    FltToS32.o                  68
    I32ToDbl.o                  44
    I32ToFlt.o                  50
    ---------------------------------------------------------
    Total:                   2 628

rt7M_tl.a: [5]
    ABImemclr.o                  6
    ABImemcpy_unaligned.o      118
    ABImemset.o                 94
    XXexit.o                    12
    cexit.o                     10
    cmain.o                     26
    cstartup_M.o                12
    data_init.o                 40
    zero_init3.o                64
    ---------------------------------------------------------
    Total:                     382

    Gaps                        16                          4
    Linker created               8                18
-------------------------------------------------------------
    Grand Total:            10 534       72    7 068    6 512


*******************************************************************************
*** ENTRY LIST
***

Entry                      Address    Size  Type      Object
-----                      -------    ----  ----      ------
.bss$$Base              0x1fff1b8c           --   Gb  - Linker created -
.bss$$Limit             0x1fff1dcc           --   Gb  - Linker created -
.data$$Base             0x1fff0410           --   Gb  - Linker created -
.data$$Limit            0x1fff1b44           --   Gb  - Linker created -
.data_init$$Base        0x00000418           --   Gb  - Linker created -
.data_init$$Limit       0x00001b4c           --   Gb  - Linker created -
.iar.init_table$$Base   0x00004464           --   Gb  - Linker created -
.iar.init_table$$Limit  0x00004474           --   Gb  - Linker created -
?main                   0x00004475          Code  Gb  cmain.o [5]
CodeRelocate$$Base      0x000043b4           --   Gb  - Linker created -
CodeRelocate$$Limit     0x000043fc           --   Gb  - Linker created -
CodeRelocateRam$$Base   0x1fff1b44           --   Gb  - Linker created -
CodeRelocateRam$$Limit  0x1fff1b8c           --   Gb  - Linker created -
DMA0_IRQHandler         0x000044bd     0x4  Code  Gb  MK60_it.o [1]
FTMN                    0x1fff1980    0x10  Data  Gb  MK60_ftm.o [1]
FTM_port_mux            0x00003a6d    0xac  Code  Lc  MK60_ftm.o [1]
FieldOver_Flag          0x1fff1acc     0x1  Data  Gb  VCAN_OV7725_Eagle.o [1]
First_Line_Add          0x0000212f    0x66  Code  Gb  Handle.o [1]
Foresight               0x1fff1dc8     0x1  Data  Gb  Handle.o [1]
Foresight_Left          0x1fff1dc1     0x1  Data  Gb  Handle.o [1]
Foresight_Right         0x1fff1dc2     0x1  Data  Gb  Handle.o [1]
GPIOX                   0x1fff19a0    0x14  Data  Gb  MK60_gpio.o [1]
Game_End                0x1fff0411     0x1  Data  Gb  Control.o [1]
Hazard_Left_Flag        0x1fff1dc5     0x1  Data  Gb  Handle.o [1]
Hazard_Right_Flag       0x1fff1dc6     0x1  Data  Gb  Handle.o [1]
Image_GetLine           0x00001b4d   0x5e2  Code  Gb  Handle.o [1]
LED_PTxn                0x1fff1ac8     0x4  Data  Gb  VCAN_LED.o [1]
Left_Add                0x1fff1c4c    0x40  Data  Gb  Handle.o [1]
Left_Add_End            0x1fff1d8d     0x1  Data  Gb  Handle.o [1]
Left_Add_Start          0x1fff1dbc     0x1  Data  Gb  Handle.o [1]
Left_Jam                0x1fff1d94     0x1  Data  Gb  Handle.o [1]
Left_Last_Slope         0x1fff1d98     0x4  Data  Gb  Handle.o [1]
Left_Line               0x1fff1b8c    0x40  Data  Gb  Handle.o [1]
Left_Line_New           0x1fff1ccc    0x40  Data  Gb  Handle.o [1]
Left_Line_Repair        0x000023e1   0x148  Code  Gb  Handle.o [1]
Left_Max                0x1fff1d8f     0x1  Data  Gb  Handle.o [1]
Left_y                  0x1fff1d91     0x1  Data  Gb  Handle.o [1]
MOTOR_Duty              0x1fff041c     0x4  Data  Gb  Control.o [1]
MOTOR_Speed             0x1fff0420     0x4  Data  Gb  Control.o [1]
Mid_Count               0x1fff1dc0     0x1  Data  Gb  Handle.o [1]
Mid_Line                0x1fff1bcc    0x40  Data  Gb  Handle.o [1]
Mid_Line_Repair         0x000022d7    0xe2  Code  Gb  Handle.o [1]
Out_Side                0x1fff1dc9     0x1  Data  Gb  Handle.o [1]
PORTA_IRQHandler        0x000044b9     0x4  Code  Gb  MK60_it.o [1]
PORTX                   0x1fff19fc    0x14  Data  Gb  MK60_port.o [1]
PlacePID_Control        0x00004289    0x7a  Code  Gb  PID.o [1]
Point_Mid               0x1fff1dc7     0x1  Data  Gb  Handle.o [1]
Point_Weight            0x00002195   0x132  Code  Gb  Handle.o [1]
Point_Weight::Last_Point
                        0x1fff0460     0x1  Data  Lc  Handle.o [1]
Point_x                 0x1fff1dbe     0x1  Data  Gb  Handle.o [1]
Point_y                 0x1fff1dbf     0x1  Data  Gb  Handle.o [1]
RC_Get                  0x1fff0418     0x4  Data  Gb  Control.o [1]
Region$$Table$$Base     0x00004464           --   Gb  - Linker created -
Region$$Table$$Limit    0x00004474           --   Gb  - Linker created -
Repair_Flag             0x1fff1d93     0x1  Data  Gb  Handle.o [1]
Reset_Handler           0x00000411          Code  Gb  startup_MK60DZ10.o [1]
Right_Add               0x1fff1c8c    0x40  Data  Gb  Handle.o [1]
Right_Add_End           0x1fff1d8e     0x1  Data  Gb  Handle.o [1]
Right_Add_Start         0x1fff1dbd     0x1  Data  Gb  Handle.o [1]
Right_Jam               0x1fff1d95     0x1  Data  Gb  Handle.o [1]
Right_Last_Slope        0x1fff1d9c     0x4  Data  Gb  Handle.o [1]
Right_Line              0x1fff1c0c    0x40  Data  Gb  Handle.o [1]
Right_Line_New          0x1fff1d0c    0x40  Data  Gb  Handle.o [1]
Right_Line_Repair       0x0000252f   0x156  Code  Gb  Handle.o [1]
Right_Min               0x1fff1d90     0x1  Data  Gb  Handle.o [1]
Right_y                 0x1fff1d92     0x1  Data  Gb  Handle.o [1]
Run_Flag                0x1fff0410     0x1  Data  Gb  Control.o [1]
Runtime_cnt             0x1fff1ad4     0x4  Data  Gb  VCAN_OV7725_Eagle.o [1]
SCCB_GPIO_init          0x00003479    0x2a  Code  Gb  VCAN_SCCB.o [1]
SCCB_ReadByte           0x000036cf    0x20  Code  Gb  VCAN_SCCB.o [1]
SCCB_ReadByte_one       0x000036ef   0x1b2  Code  Lc  VCAN_SCCB.o [1]
SCCB_SendByte           0x000035d1    0x5a  Code  Lc  VCAN_SCCB.o [1]
SCCB_Start              0x000034a3    0x6a  Code  Lc  VCAN_SCCB.o [1]
SCCB_Stop               0x0000350d    0x64  Code  Lc  VCAN_SCCB.o [1]
SCCB_WaitAck            0x00003571    0x60  Code  Lc  VCAN_SCCB.o [1]
SCCB_WriteByte          0x0000362b    0xa4  Code  Gb  VCAN_SCCB.o [1]
S_D5                    0x1fff1a28    0xa0  Data  Gb  PID.o [1]
S_D5_Duty               0x1fff0464     0x4  Data  Gb  main.o [1]
S_D5_PID                0x1fff1da0    0x10  Data  Gb  PID.o [1]
Set                     0x1fff0416     0x1  Data  Gb  Control.o [1]
Start_Control::No_Start_Line_Count
                        0x1fff0414     0x2  Data  Lc  Control.o [1]
Start_Control::Ready_Stop
                        0x1fff0413     0x1  Data  Lc  Control.o [1]
Start_Control::Start_OK
                        0x1fff0412     0x1  Data  Lc  Control.o [1]
Starting_Line_Flag      0x1fff1d96     0x1  Data  Gb  Handle.o [1]
Traversal_Left          0x0000270d    0x58  Code  Gb  Handle.o [1]
Traversal_Left_Line     0x000027bd    0x4a  Code  Gb  Handle.o [1]
Traversal_Mid_Line      0x00002689    0x7e  Code  Gb  Handle.o [1]
Traversal_Right         0x00002765    0x58  Code  Gb  Handle.o [1]
Traversal_Right_Line    0x00002807    0x54  Code  Gb  Handle.o [1]
Turn_Left               0x1fff1dc3     0x1  Data  Gb  Handle.o [1]
Turn_Right              0x1fff1dc4     0x1  Data  Gb  Handle.o [1]
UARTN                   0x1fff1a10    0x18  Data  Gb  MK60_uart.o [1]
Weight                  0x1fff0424    0x3c  Data  Gb  Handle.o [1]
Width                   0x1fff1d4c    0x40  Data  Gb  Handle.o [1]
Width_Min               0x1fff1d8c     0x1  Data  Gb  Handle.o [1]
__BOOT_STACK_ADDRESS {Abs}
                        0x2000fff8          Data  Gb  command line/config [2]
__VECTOR_RAM {Abs}      0x1fff0000          Data  Gb  command line/config [2]
__VECTOR_TABLE {Abs}    0x00000000          Data  Gb  command line/config [2]
__aeabi_cfcmple         0x00002e21          Code  Gb  FltCmpLe.o [4]
__aeabi_cfrcmple        0x00002901          Code  Gb  FltCmpGe.o [4]
__aeabi_d2f             0x00002d7d          Code  Gb  DblToFlt.o [4]
__aeabi_d2iz            0x00003109          Code  Gb  DblToI32.o [4]
__aeabi_dadd            0x00003021          Code  Gb  DblAdd.o [4]
__aeabi_ddiv            0x00002b25          Code  Gb  DblDiv.o [4]
__aeabi_dmul            0x00002e7d          Code  Gb  DblMul.o [4]
__aeabi_f2iz            0x00002ab5          Code  Gb  FltToS32.o [4]
__aeabi_fadd            0x00002a31          Code  Gb  FltAdd.o [4]
__aeabi_fmul            0x00002959          Code  Gb  FltMul.o [4]
__aeabi_i2d             0x00002af9          Code  Gb  I32ToDbl.o [4]
__aeabi_i2f             0x00002925          Code  Gb  I32ToFlt.o [4]
__aeabi_memclr          0x00004209          Code  Gb  ABImemclr.o [5]
__aeabi_ui2f            0x00002939          Code  Gb  I32ToFlt.o [4]
__cmain                 0x00004475          Code  Gb  cmain.o [5]
__code_start__ {Abs}    0x00000410          Data  Gb  command line/config [2]
__exit                  0x000044a1          Code  Gb  XXexit.o [5]
__iar_Memset_word       0x00004355          Code  Gb  ABImemset.o [5]
__iar_d2uiz             0x00003135          Code  Gb  DblToI32.o [4]
__iar_dadd              0x00003035          Code  Gb  DblAdd.o [4]
__iar_data_init3        0x0000443d    0x28  Code  Gb  data_init.o [5]
__iar_dsub              0x00003295          Code  Gb  DblSub.o [4]
__iar_dsubStart         0x000032a7          Code  Gb  DblSub.o [4]
__iar_fadd              0x00002a41          Code  Gb  FltAdd.o [4]
__iar_fsub              0x00003155          Code  Gb  FltSub.o [4]
__iar_fsubStart         0x00003165          Code  Gb  FltSub.o [4]
__iar_program_start     0x000044ad          Code  Gb  cstartup_M.o [5]
__iar_ui2d              0x00002b0d          Code  Gb  I32ToDbl.o [4]
__iar_ui2f              0x0000293d          Code  Gb  I32ToFlt.o [4]
__iar_unaligned___aeabi_memcpy
                        0x00004179          Code  Gb  ABImemcpy_unaligned.o [5]
__iar_unaligned___aeabi_memcpy4
                        0x00004199          Code  Gb  ABImemcpy_unaligned.o [5]
__iar_unaligned___aeabi_memcpy8
                        0x00004199          Code  Gb  ABImemcpy_unaligned.o [5]
__iar_zero_init3        0x000043fd    0x40  Code  Gb  zero_init3.o [5]
__vector_table          0x00000000   0x410  Data  Gb  vectors.o [1]
_call_main              0x00004481          Code  Gb  cmain.o [5]
_exit                   0x00004495          Code  Gb  cexit.o [5]
_main                   0x0000448b          Code  Gb  cmain.o [5]
black                   0x1fff1b3e     0x1  Data  Gb  Handle.o [1]
bus_clk_khz             0x1fff1db8     0x4  Data  Gb  system_MK60DZ10.o [1]
colour                  0x1fff1b40     0x2  Data  Gb  Handle.o [1]
common_startup          0x00004051    0x44  Code  Gb  system_MK60DZ10.o [1]
core_clk_khz            0x1fff1db0     0x4  Data  Gb  system_MK60DZ10.o [1]
core_clk_mhz            0x1fff1db4     0x4  Data  Gb  system_MK60DZ10.o [1]
default_isr             0x000044c1     0x2  Code  Gb  MK60_conf.o [1]
dma_portx2buff_init     0x00003f15    0xf4  Code  Gb  MK60_dma.o [1]
exit                    0x0000448f     0x4  Code  Gb  exit.o [3]
ftm_mod                 0x1fff1990    0x10  Data  Lc  MK60_ftm.o [1]
ftm_pwm_duty            0x00003bab    0x3c  Code  Gb  MK60_ftm.o [1]
ftm_pwm_init            0x00003b19    0x92  Code  Gb  MK60_ftm.o [1]
gpio_init               0x0000322d    0x42  Code  Gb  MK60_gpio.o [1]
gpio_set                0x0000326f    0x22  Code  Gb  MK60_gpio.o [1]
img                     0x1fff06c0  0x12c0  Data  Gb  main.o [1]
img_extract             0x00002861    0x7e  Code  Gb  Handle.o [1]
imgbuff                 0x1fff0468   0x258  Data  Gb  main.o [1]
led                     0x00002e45    0x32  Code  Gb  VCAN_LED.o [1]
main                    0x000040f1    0x88  Code  Gb  main.o [1]
mcg_cfg                 0x1fff19b4    0x44  Data  Gb  MK60_mcg.o [1]
mcg_div                 0x1fff19f8     0x4  Data  Gb  MK60_mcg.o [1]
mcg_div_count           0x000038b9   0x12c  Code  Gb  MK60_mcg.o [1]
motorinit               0x0000420f    0x7a  Code  Gb  init.o [1]
ov7725_eagle_cfgnum     0x1fff1b3c     0x1  Data  Gb  VCAN_OV7725_Eagle.o [1]
ov7725_eagle_dma        0x00003e65    0x18  Code  Gb  VCAN_OV7725_Eagle.o [1]
ov7725_eagle_get_img    0x00003e7d    0x34  Code  Gb  VCAN_OV7725_Eagle.o [1]
ov7725_eagle_img_buff   0x1fff1ad0     0x4  Data  Gb  VCAN_OV7725_Eagle.o [1]
ov7725_eagle_img_flag   0x1fff1acd     0x1  Data  Gb  VCAN_OV7725_Eagle.o [1]
ov7725_eagle_init       0x00003d79    0xac  Code  Gb  VCAN_OV7725_Eagle.o [1]
ov7725_eagle_reg        0x1fff1ad8    0x64  Data  Gb  VCAN_OV7725_Eagle.o [1]
ov7725_eagle_vsync      0x00003e25    0x40  Code  Gb  VCAN_OV7725_Eagle.o [1]
pll_init                0x000039e5    0x7a  Code  Gb  MK60_mcg.o [1]
port_init               0x00003401    0x2e  Code  Gb  MK60_port.o [1]
port_init_NoALT         0x0000342f    0x3a  Code  Gb  MK60_port.o [1]
range_protect           0x00002e0d    0x12  Code  Gb  Control.o [1]
set_sys_dividers        0x1fff1b45    0x48  Code  Gb  MK60_mcg.o [1]
set_vector_handler      0x000041f7     0x8  Code  Gb  misc.o [1]
start                   0x00004009    0x14  Code  Gb  system_MK60DZ10.o [1]
sysinit                 0x0000401d    0x34  Code  Gb  system_MK60DZ10.o [1]
systick_delay_ms        0x00003ee1    0x2a  Code  Gb  MK60_SysTick.o [1]
uart_init               0x00003bfd   0x148  Code  Gb  MK60_uart.o [1]
uart_putbuff            0x00003d45    0x24  Code  Gb  MK60_uart.o [1]
vcan_sendimg            0x0000430d    0x16  Code  Gb  VCAN_computer.o [1]
wdog_disable            0x000040c5    0x26  Code  Gb  MK60_wdog.o [1]
white                   0x1fff1b3f     0x1  Data  Gb  Handle.o [1]
write_vtor              0x000041f1     0x6  Code  Gb  misc.o [1]


[1] = C:\Users\fmk12\Desktop\飞思卡尔智能车\资料汇总\5 程序及相关\K60\进击的矮子（test）\GNUCar v1.0\Prj\IAR\DZ10_Release\Obj
[2] = command line
[3] = dl7M_tlf.a
[4] = m7M_tl.a
[5] = rt7M_tl.a

  10 534 bytes of readonly  code memory
      72 bytes of readwrite code memory
   7 068 bytes of readonly  data memory
   6 512 bytes of readwrite data memory

Errors: none
Warnings: none
